Copyright 1986-2022 Xilinx, Inc. All Rights Reserved. Copyright 2022-2023 Advanced Micro Devices, Inc. All Rights Reserved.
---------------------------------------------------------------------------------------------------------------------------------------------
| Tool Version : Vivado v.2023.2 (win64) Build 4029153 Fri Oct 13 20:14:34 MDT 2023
| Date         : Sun Apr  6 09:12:42 2025
| Host         : DESKTOP-FEDBMRF running 64-bit major release  (build 9200)
| Command      : report_control_sets -verbose -file top_control_sets_placed.rpt
| Design       : top
| Device       : xc7z020
---------------------------------------------------------------------------------------------------------------------------------------------

Control Set Information

Table of Contents
-----------------
1. Summary
2. Histogram
3. Flip-Flop Distribution
4. Detailed Control Set Information

1. Summary
----------

+----------------------------------------------------------+-------+
|                          Status                          | Count |
+----------------------------------------------------------+-------+
| Total control sets                                       |    81 |
|    Minimum number of control sets                        |    81 |
|    Addition due to synthesis replication                 |     0 |
|    Addition due to physical synthesis replication        |     0 |
| Unused register locations in slices containing registers |   371 |
+----------------------------------------------------------+-------+
* Control sets can be merged at opt_design using control_set_merge or merge_equivalent_drivers
** Run report_qor_suggestions for automated merging and remapping suggestions


2. Histogram
------------

+--------------------+-------+
|       Fanout       | Count |
+--------------------+-------+
| Total control sets |    81 |
| >= 0 to < 4        |    46 |
| >= 4 to < 6        |     2 |
| >= 6 to < 8        |     5 |
| >= 8 to < 10       |     5 |
| >= 10 to < 12      |     2 |
| >= 12 to < 14      |     1 |
| >= 14 to < 16      |     0 |
| >= 16              |    20 |
+--------------------+-------+
* Control sets can be remapped at either synth_design or opt_design


3. Flip-Flop Distribution
-------------------------

+--------------+-----------------------+------------------------+-----------------+--------------+
| Clock Enable | Synchronous Set/Reset | Asynchronous Set/Reset | Total Registers | Total Slices |
+--------------+-----------------------+------------------------+-----------------+--------------+
| No           | No                    | No                     |              62 |           31 |
| No           | No                    | Yes                    |              32 |           26 |
| No           | Yes                   | No                     |              53 |           28 |
| Yes          | No                    | No                     |             135 |           46 |
| Yes          | No                    | Yes                    |              87 |           27 |
| Yes          | Yes                   | No                     |             292 |           84 |
+--------------+-----------------------+------------------------+-----------------+--------------+


4. Detailed Control Set Information
-----------------------------------

+--------------------------------------------------------------------------------------+------------------------------------------------------------------------------------------------------------------------------------------------------------+----------------------------------------------------------------------------------------------------------------------------+------------------+----------------+--------------+
|                                     Clock Signal                                     |                                                                        Enable Signal                                                                       |                                                      Set/Reset Signal                                                      | Slice Load Count | Bel Load Count | Bels / Slice |
+--------------------------------------------------------------------------------------+------------------------------------------------------------------------------------------------------------------------------------------------------------+----------------------------------------------------------------------------------------------------------------------------+------------------+----------------+--------------+
|  extdatahandler/GEN_TEST_2.tvalid_reg_0                                              |                                                                                                                                                            | extdatahandler/GEN_TEST_2.tvalid_reg_1                                                                                     |                1 |              1 |         1.00 |
|  extdatahandler/GEN_TEST_2.tlast_reg_0                                               |                                                                                                                                                            | extdatahandler/GEN_TEST_2.tlast_reg_1                                                                                      |                1 |              1 |         1.00 |
|  spi_m/u_w5500_axi_data_streamer/payload_fifo_ready__0                               |                                                                                                                                                            |                                                                                                                            |                1 |              1 |         1.00 |
|  spi_m/u_w5500_axi_data_streamer/gen_pntr_flags_cc.gen_full_rst_val.ram_full_n_reg_0 |                                                                                                                                                            | spi_m/u_w5500_axi_data_streamer/gen_pntr_flags_cc.gen_full_rst_val.ram_full_n_reg_1                                        |                1 |              1 |         1.00 |
|  clk_wiz/inst/clk_out1                                                               |                                                                                                                                                            | spi_m/spi_header_valid_reg_LDC_i_1_n_0                                                                                     |                1 |              1 |         1.00 |
|  spi_m/payload_data_reg[6]_LDC_i_1_n_0                                               |                                                                                                                                                            | spi_m/payload_data_reg[6]_LDC_i_2_n_0                                                                                      |                1 |              1 |         1.00 |
|  spi_m/payload_data_reg[7]_LDC_i_1_n_0                                               |                                                                                                                                                            | spi_m/payload_data_reg[7]_LDC_i_2_n_0                                                                                      |                1 |              1 |         1.00 |
|  spi_m/payload_data_reg[3]_LDC_i_1_n_0                                               |                                                                                                                                                            | spi_m/payload_data_reg[3]_LDC_i_2_n_0                                                                                      |                1 |              1 |         1.00 |
|  spi_m/payload_data_reg[5]_LDC_i_1_n_0                                               |                                                                                                                                                            | spi_m/payload_data_reg[5]_LDC_i_2_n_0                                                                                      |                1 |              1 |         1.00 |
|  spi_m/payload_data_reg[0]_LDC_i_1_n_0                                               |                                                                                                                                                            | spi_m/payload_data_reg[0]_LDC_i_2_n_0                                                                                      |                1 |              1 |         1.00 |
|  spi_m/payload_data_reg[2]_LDC_i_1_n_0                                               |                                                                                                                                                            | spi_m/payload_data_reg[2]_LDC_i_2_n_0                                                                                      |                1 |              1 |         1.00 |
|  spi_m/payload_data_reg[4]_LDC_i_1_n_0                                               |                                                                                                                                                            | spi_m/payload_data_reg[4]_LDC_i_2_n_0                                                                                      |                1 |              1 |         1.00 |
|  spi_m/payload_data_reg[1]_LDC_i_1_n_0                                               |                                                                                                                                                            | spi_m/payload_data_reg[1]_LDC_i_2_n_0                                                                                      |                1 |              1 |         1.00 |
|  spi_m/streammanager_state_reg[1]_LDC_i_1_n_0                                        |                                                                                                                                                            | spi_m/streammanager_state_reg[1]_LDC_i_2_n_0                                                                               |                1 |              1 |         1.00 |
|  spi_m/spi_header_valid_reg_LDC_i_1_n_0                                              |                                                                                                                                                            | spi_m/spi_header_valid_reg_LDC_i_2_n_0                                                                                     |                1 |              1 |         1.00 |
|  spi_m/streammanager_state_reg[0]_LDC_i_1_n_0                                        |                                                                                                                                                            | spi_m/streammanager_state_reg[0]_LDC_i_2_n_0                                                                               |                1 |              1 |         1.00 |
|  clk_wiz/inst/clk_out1                                                               |                                                                                                                                                            | spi_m/streammanager_state_reg[0]_LDC_i_1_n_0                                                                               |                1 |              1 |         1.00 |
|  clk_wiz/inst/clk_out1                                                               |                                                                                                                                                            | extdatahandler/GEN_TEST_2.tlast_reg_1                                                                                      |                1 |              1 |         1.00 |
|  clk_wiz/inst/clk_out1                                                               |                                                                                                                                                            | extdatahandler/GEN_TEST_2.tvalid_reg_1                                                                                     |                1 |              1 |         1.00 |
|  clk_wiz/inst/clk_out1                                                               |                                                                                                                                                            | extdatahandler/GEN_TEST_2.tvalid_reg_0                                                                                     |                1 |              1 |         1.00 |
|  clk_wiz/inst/clk_out1                                                               |                                                                                                                                                            | extdatahandler/GEN_TEST_2.tlast_reg_0                                                                                      |                1 |              1 |         1.00 |
|  clk_wiz/inst/clk_out1                                                               |                                                                                                                                                            | spi_m/u_w5500_axi_data_streamer/gen_pntr_flags_cc.gen_full_rst_val.ram_full_n_reg_0                                        |                1 |              1 |         1.00 |
|  clk_wiz/inst/clk_out1                                                               | spi_m/payload_data[7]_P_i_1_n_0                                                                                                                            | spi_m/payload_data_reg[7]_LDC_i_1_n_0                                                                                      |                1 |              1 |         1.00 |
|  clk_wiz/inst/clk_out1                                                               | spi_m/payload_data[7]_P_i_1_n_0                                                                                                                            | spi_m/payload_data_reg[6]_LDC_i_1_n_0                                                                                      |                1 |              1 |         1.00 |
|  clk_wiz/inst/clk_out1                                                               | spi_m/payload_data[7]_P_i_1_n_0                                                                                                                            | spi_m/payload_data_reg[3]_LDC_i_1_n_0                                                                                      |                1 |              1 |         1.00 |
|  clk_wiz/inst/clk_out1                                                               | spi_m/payload_data[7]_P_i_1_n_0                                                                                                                            | spi_m/payload_data_reg[5]_LDC_i_1_n_0                                                                                      |                1 |              1 |         1.00 |
|  clk_wiz/inst/clk_out1                                                               | spi_m/payload_data[7]_P_i_1_n_0                                                                                                                            | spi_m/payload_data_reg[0]_LDC_i_1_n_0                                                                                      |                1 |              1 |         1.00 |
|  clk_wiz/inst/clk_out1                                                               | spi_m/payload_data[7]_P_i_1_n_0                                                                                                                            | spi_m/payload_data_reg[2]_LDC_i_1_n_0                                                                                      |                1 |              1 |         1.00 |
|  clk_wiz/inst/clk_out1                                                               | spi_m/payload_data[7]_P_i_1_n_0                                                                                                                            | spi_m/payload_data_reg[4]_LDC_i_1_n_0                                                                                      |                1 |              1 |         1.00 |
|  clk_wiz/inst/clk_out1                                                               | spi_m/payload_data[7]_P_i_1_n_0                                                                                                                            | spi_m/payload_data_reg[1]_LDC_i_1_n_0                                                                                      |                1 |              1 |         1.00 |
|  clk_wiz/inst/clk_out1                                                               |                                                                                                                                                            | spi_m/payload_data_reg[4]_LDC_i_2_n_0                                                                                      |                1 |              1 |         1.00 |
|  clk_wiz/inst/clk_out1                                                               |                                                                                                                                                            | spi_m/payload_data_reg[6]_LDC_i_2_n_0                                                                                      |                1 |              1 |         1.00 |
|  clk_wiz/inst/clk_out1                                                               |                                                                                                                                                            | spi_m/payload_data_reg[7]_LDC_i_2_n_0                                                                                      |                1 |              1 |         1.00 |
|  clk_wiz/inst/clk_out1                                                               |                                                                                                                                                            | spi_m/payload_data_reg[0]_LDC_i_2_n_0                                                                                      |                1 |              1 |         1.00 |
|  clk_wiz/inst/clk_out1                                                               |                                                                                                                                                            | spi_m/payload_data_reg[2]_LDC_i_2_n_0                                                                                      |                1 |              1 |         1.00 |
|  clk_wiz/inst/clk_out1                                                               |                                                                                                                                                            | spi_m/payload_data_reg[1]_LDC_i_2_n_0                                                                                      |                1 |              1 |         1.00 |
|  clk_wiz/inst/clk_out1                                                               |                                                                                                                                                            | spi_m/payload_data_reg[3]_LDC_i_2_n_0                                                                                      |                1 |              1 |         1.00 |
|  clk_wiz/inst/clk_out1                                                               |                                                                                                                                                            | spi_m/payload_data_reg[5]_LDC_i_2_n_0                                                                                      |                1 |              1 |         1.00 |
|  clk_wiz/inst/clk_out1                                                               |                                                                                                                                                            | spi_m/streammanager_state_reg[0]_LDC_i_2_n_0                                                                               |                1 |              1 |         1.00 |
|  clk_wiz/inst/clk_out1                                                               |                                                                                                                                                            | spi_m/streammanager_state_reg[1]_LDC_i_1_n_0                                                                               |                1 |              1 |         1.00 |
|  clk_wiz/inst/clk_out1                                                               |                                                                                                                                                            | spi_m/streammanager_state_reg[1]_LDC_i_2_n_0                                                                               |                1 |              1 |         1.00 |
|  clk_wiz/inst/clk_out1                                                               |                                                                                                                                                            | spi_m/spi_header_valid_reg_LDC_i_2_n_0                                                                                     |                1 |              1 |         1.00 |
|  clk_wiz/inst/clk_out1                                                               |                                                                                                                                                            | spi_m/u_w5500_axi_data_streamer/u_rx_fifo/inst/gen_fifo.xpm_fifo_axis_inst/xpm_fifo_base_inst/xpm_fifo_rst_inst/rst_i      |                1 |              3 |         3.00 |
|  clk_wiz/inst/clk_out1                                                               |                                                                                                                                                            | spi_m/u_w5500_axi_data_streamer/u_payload_fifo/inst/gen_fifo.xpm_fifo_axis_inst/xpm_fifo_base_inst/xpm_fifo_rst_inst/rst_i |                1 |              3 |         3.00 |
|  clk_wiz/inst/clk_out1                                                               |                                                                                                                                                            | txrx_unit/u_rx_payload_fifo/inst/gen_fifo.xpm_fifo_axis_inst/xpm_fifo_base_inst/xpm_fifo_rst_inst/rst_i                    |                1 |              3 |         3.00 |
|  clk_wiz/inst/clk_out1                                                               |                                                                                                                                                            | txrx_unit/u_tx_payload_fifo/inst/gen_fifo.xpm_fifo_axis_inst/xpm_fifo_base_inst/xpm_fifo_rst_inst/rst_i                    |                1 |              3 |         3.00 |
|  clk_wiz/inst/clk_out1                                                               | txrx_unit/clk_toggles0                                                                                                                                     |                                                                                                                            |                2 |              4 |         2.00 |
|  clk_wiz/inst/clk_out1                                                               | spi_m/raw_payload_buffer_2                                                                                                                                 | spi_m/raw_payload_buffer[28]_i_1_n_0                                                                                       |                2 |              4 |         2.00 |
|  clk_wiz/inst/clk_out1                                                               |                                                                                                                                                            | txrx_unit/u_rx_payload_fifo/inst/gen_fifo.xpm_fifo_axis_inst/xpm_fifo_base_inst/xpm_fifo_rst_inst/Q[0]                     |                2 |              6 |         3.00 |
|  clk_wiz/inst/clk_out1                                                               | spi_m/u_w5500_axi_data_streamer/gen_pntr_flags_cc.gen_full_rst_val.ram_full_n_reg[0]                                                                       |                                                                                                                            |                5 |              6 |         1.20 |
|  clk_wiz/inst/clk_out1                                                               |                                                                                                                                                            | spi_m/u_w5500_axi_data_streamer/u_rx_fifo/inst/gen_fifo.xpm_fifo_axis_inst/xpm_fifo_base_inst/xpm_fifo_rst_inst/Q[0]       |                2 |              7 |         3.50 |
|  clk_wiz/inst/clk_out1                                                               |                                                                                                                                                            | spi_m/u_w5500_axi_data_streamer/u_payload_fifo/inst/gen_fifo.xpm_fifo_axis_inst/xpm_fifo_base_inst/xpm_fifo_rst_inst/Q[0]  |                3 |              7 |         2.33 |
|  clk_wiz/inst/clk_out1                                                               |                                                                                                                                                            | txrx_unit/u_tx_payload_fifo/inst/gen_fifo.xpm_fifo_axis_inst/xpm_fifo_base_inst/xpm_fifo_rst_inst/Q[0]                     |                3 |              7 |         2.33 |
|  spi_m/u_w5500_axi_data_streamer/tdata_reg[7]_i_2_n_0                                |                                                                                                                                                            |                                                                                                                            |                4 |              8 |         2.00 |
|  clk_wiz/inst/clk_out1                                                               | txrx_unit/rx_buffer0                                                                                                                                       |                                                                                                                            |                2 |              8 |         4.00 |
|  clk_wiz/inst/clk_out1                                                               | txrx_unit/tx_buffer0                                                                                                                                       |                                                                                                                            |                2 |              8 |         4.00 |
|  clk_wiz/inst/clk_out1                                                               | spi_m/payload_byte_length_3                                                                                                                                | spi_m/payload_byte_length[10]_i_1_n_0                                                                                      |                3 |              8 |         2.67 |
|  clk_wiz/inst/clk_out1                                                               | extdatahandler/GEN_TEST_2.sending_reg_n_0                                                                                                                  | reset_IBUF                                                                                                                 |                1 |              8 |         8.00 |
|  clk_wiz/inst/clk_out1                                                               | spi_m/u_w5500_axi_data_streamer/E[0]                                                                                                                       |                                                                                                                            |                3 |             10 |         3.33 |
|  clk_wiz/inst/clk_out1                                                               | spi_m/u_w5500_axi_data_streamer/w5500state_next_reg[2][0]                                                                                                  |                                                                                                                            |                4 |             10 |         2.50 |
|  clk_wiz/inst/clk_out1                                                               |                                                                                                                                                            | reset_IBUF                                                                                                                 |                7 |             13 |         1.86 |
|  clk_wiz/inst/clk_out1                                                               | spi_m/u_w5500_axi_data_streamer/rx_pointer_reg_4                                                                                                           |                                                                                                                            |                3 |             16 |         5.33 |
|  clk_wiz/inst/clk_out1                                                               | spi_m/u_w5500_axi_data_streamer/streammanager_state_reg[1]_C[0]                                                                                            | reset_IBUF                                                                                                                 |                4 |             16 |         4.00 |
|  clk_wiz/inst/clk_out1                                                               | spi_m/u_w5500_axi_data_streamer/rx_received_size_reg_1                                                                                                     |                                                                                                                            |                3 |             16 |         5.33 |
|  clk_wiz/inst/clk_out1                                                               | spi_m/u_w5500_axi_data_streamer/tx_write_pointer                                                                                                           |                                                                                                                            |                2 |             16 |         8.00 |
|  clk_wiz/inst/clk_out1                                                               | spi_m/spi_header                                                                                                                                           |                                                                                                                            |                9 |             19 |         2.11 |
|  clk_wiz/inst/clk_out1                                                               | spi_m/u_w5500_axi_data_streamer/u_rx_fifo/inst/gen_fifo.xpm_fifo_axis_inst/xpm_fifo_base_inst/rdp_inst/FSM_sequential_gen_fwft.curr_fwft_state_reg[1]      | spi_m/u_w5500_axi_data_streamer/u_rx_fifo/inst/gen_fifo.xpm_fifo_axis_inst/xpm_fifo_base_inst/xpm_fifo_rst_inst/Q[0]       |                6 |             22 |         3.67 |
|  clk_wiz/inst/clk_out1                                                               | spi_m/u_w5500_axi_data_streamer/u_payload_fifo/inst/gen_fifo.xpm_fifo_axis_inst/xpm_fifo_base_inst/rdp_inst/FSM_sequential_gen_fwft.curr_fwft_state_reg[1] | spi_m/u_w5500_axi_data_streamer/u_payload_fifo/inst/gen_fifo.xpm_fifo_axis_inst/xpm_fifo_base_inst/xpm_fifo_rst_inst/Q[0]  |                6 |             22 |         3.67 |
|  clk_wiz/inst/clk_out1                                                               | txrx_unit/u_tx_payload_fifo/inst/gen_fifo.xpm_fifo_axis_inst/xpm_fifo_base_inst/rdp_inst/FSM_sequential_gen_fwft.curr_fwft_state_reg[1]                    | txrx_unit/u_tx_payload_fifo/inst/gen_fifo.xpm_fifo_axis_inst/xpm_fifo_base_inst/xpm_fifo_rst_inst/Q[0]                     |                6 |             22 |         3.67 |
|  clk_wiz/inst/clk_out1                                                               | txrx_unit/u_rx_payload_fifo/inst/gen_fifo.xpm_fifo_axis_inst/xpm_fifo_base_inst/rdp_inst/FSM_sequential_gen_fwft.curr_fwft_state_reg[1]                    | txrx_unit/u_rx_payload_fifo/inst/gen_fifo.xpm_fifo_axis_inst/xpm_fifo_base_inst/xpm_fifo_rst_inst/Q[0]                     |                6 |             22 |         3.67 |
|  clk_wiz/inst/clk_out1                                                               | txrx_unit/u_tx_payload_fifo/inst/gen_fifo.xpm_fifo_axis_inst/xpm_fifo_base_inst/xpm_fifo_rst_inst/E[0]                                                     | txrx_unit/u_tx_payload_fifo/inst/gen_fifo.xpm_fifo_axis_inst/xpm_fifo_base_inst/xpm_fifo_rst_inst/Q[0]                     |                6 |             22 |         3.67 |
|  clk_wiz/inst/clk_out1                                                               | spi_m/u_w5500_axi_data_streamer/u_rx_fifo/inst/gen_fifo.xpm_fifo_axis_inst/xpm_fifo_base_inst/xpm_fifo_rst_inst/E[0]                                       | spi_m/u_w5500_axi_data_streamer/u_rx_fifo/inst/gen_fifo.xpm_fifo_axis_inst/xpm_fifo_base_inst/xpm_fifo_rst_inst/Q[0]       |                6 |             22 |         3.67 |
|  clk_wiz/inst/clk_out1                                                               | spi_m/raw_payload_buffer_2                                                                                                                                 |                                                                                                                            |               11 |             22 |         2.00 |
|  clk_wiz/inst/clk_out1                                                               | spi_m/u_w5500_axi_data_streamer/u_payload_fifo/inst/gen_fifo.xpm_fifo_axis_inst/xpm_fifo_base_inst/xpm_fifo_rst_inst/E[0]                                  | spi_m/u_w5500_axi_data_streamer/u_payload_fifo/inst/gen_fifo.xpm_fifo_axis_inst/xpm_fifo_base_inst/xpm_fifo_rst_inst/Q[0]  |                6 |             22 |         3.67 |
|  clk_wiz/inst/clk_out1                                                               | txrx_unit/u_rx_payload_fifo/inst/gen_fifo.xpm_fifo_axis_inst/xpm_fifo_base_inst/xpm_fifo_rst_inst/E[0]                                                     | txrx_unit/u_rx_payload_fifo/inst/gen_fifo.xpm_fifo_axis_inst/xpm_fifo_base_inst/xpm_fifo_rst_inst/Q[0]                     |                6 |             22 |         3.67 |
|  clk_wiz/inst/clk_out1                                                               | spi_m/shift_payload_buffer0                                                                                                                                | reset_IBUF                                                                                                                 |                7 |             31 |         4.43 |
|  clk_wiz/inst/clk_out1                                                               | extdatahandler/GEN_TEST_2.counter[31]_i_1_n_0                                                                                                              | reset_IBUF                                                                                                                 |               14 |             32 |         2.29 |
|  clk_wiz/inst/clk_out1                                                               | txrx_unit/bytes_received0                                                                                                                                  | txrx_unit/clear                                                                                                            |                8 |             32 |         4.00 |
|  clk_wiz/inst/clk_out1                                                               | extdatahandler/GEN_TEST_2.byte_index[31]_i_2_n_0                                                                                                           | extdatahandler/GEN_TEST_2.byte_index[31]_i_1_n_0                                                                           |                8 |             32 |         4.00 |
|  clk_wiz/inst/clk_out1                                                               | spi_m/byte_length_buffer[0]_i_1_n_0                                                                                                                        | reset_IBUF                                                                                                                 |                8 |             32 |         4.00 |
|  clk_wiz/inst/clk_out1                                                               |                                                                                                                                                            |                                                                                                                            |               26 |             53 |         2.04 |
+--------------------------------------------------------------------------------------+------------------------------------------------------------------------------------------------------------------------------------------------------------+----------------------------------------------------------------------------------------------------------------------------+------------------+----------------+--------------+


