Copyright 1986-2022 Xilinx, Inc. All Rights Reserved. Copyright 2022-2023 Advanced Micro Devices, Inc. All Rights Reserved.
---------------------------------------------------------------------------------------------------------------------------------------------
| Tool Version : Vivado v.2023.2 (win64) Build 4029153 Fri Oct 13 20:14:34 MDT 2023
| Date         : Tue Jan 14 16:57:22 2025
| Host         : DESKTOP-FEDBMRF running 64-bit major release  (build 9200)
| Command      : report_control_sets -verbose -file top_control_sets_placed.rpt
| Design       : top
| Device       : xc7z020
---------------------------------------------------------------------------------------------------------------------------------------------

Control Set Information

Table of Contents
-----------------
1. Summary
2. Histogram
3. Flip-Flop Distribution
4. Detailed Control Set Information

1. Summary
----------

+----------------------------------------------------------+-------+
|                          Status                          | Count |
+----------------------------------------------------------+-------+
| Total control sets                                       |    44 |
|    Minimum number of control sets                        |    44 |
|    Addition due to synthesis replication                 |     0 |
|    Addition due to physical synthesis replication        |     0 |
| Unused register locations in slices containing registers |   109 |
+----------------------------------------------------------+-------+
* Control sets can be merged at opt_design using control_set_merge or merge_equivalent_drivers
** Run report_qor_suggestions for automated merging and remapping suggestions


2. Histogram
------------

+--------------------+-------+
|       Fanout       | Count |
+--------------------+-------+
| Total control sets |    44 |
| >= 0 to < 4        |     5 |
| >= 4 to < 6        |     3 |
| >= 6 to < 8        |     7 |
| >= 8 to < 10       |    11 |
| >= 10 to < 12      |     2 |
| >= 12 to < 14      |     3 |
| >= 14 to < 16      |     0 |
| >= 16              |    13 |
+--------------------+-------+
* Control sets can be remapped at either synth_design or opt_design


3. Flip-Flop Distribution
-------------------------

+--------------+-----------------------+------------------------+-----------------+--------------+
| Clock Enable | Synchronous Set/Reset | Asynchronous Set/Reset | Total Registers | Total Slices |
+--------------+-----------------------+------------------------+-----------------+--------------+
| No           | No                    | No                     |              57 |           23 |
| No           | No                    | Yes                    |              12 |           10 |
| No           | Yes                   | No                     |              39 |           13 |
| Yes          | No                    | No                     |             178 |           62 |
| Yes          | No                    | Yes                    |               8 |            2 |
| Yes          | Yes                   | No                     |             245 |           72 |
+--------------+-----------------------+------------------------+-----------------+--------------+


4. Detailed Control Set Information
-----------------------------------

+----------------+-----------------------------------------------------------------------------------------------------------------------------------------+----------------------------------------------------------------------------------------------------------------------------+------------------+----------------+--------------+
|  Clock Signal  |                                                              Enable Signal                                                              |                                                      Set/Reset Signal                                                      | Slice Load Count | Bel Load Count | Bels / Slice |
+----------------+-----------------------------------------------------------------------------------------------------------------------------------------+----------------------------------------------------------------------------------------------------------------------------+------------------+----------------+--------------+
|  clk_IBUF_BUFG |                                                                                                                                         | txrx_unit/u_tx_payload_fifo/inst/gen_fifo.xpm_fifo_axis_inst/xpm_fifo_base_inst/xpm_fifo_rst_inst/rst_i                    |                1 |              3 |         3.00 |
|  clk_IBUF_BUFG |                                                                                                                                         | txrx_unit/u_rx_payload_fifo/inst/gen_fifo.xpm_fifo_axis_inst/xpm_fifo_base_inst/xpm_fifo_rst_inst/rst_i                    |                1 |              3 |         3.00 |
|  clk_IBUF_BUFG |                                                                                                                                         | spi_m/u_w5500_axi_data_streamer/u_payload_fifo/inst/gen_fifo.xpm_fifo_axis_inst/xpm_fifo_base_inst/xpm_fifo_rst_inst/rst_i |                1 |              3 |         3.00 |
|  clk_IBUF_BUFG |                                                                                                                                         | spi_m/u_w5500_axi_data_streamer/u_rx_fifo/inst/gen_fifo.xpm_fifo_axis_inst/xpm_fifo_base_inst/xpm_fifo_rst_inst/rst_i      |                1 |              3 |         3.00 |
|  clk_IBUF_BUFG | spi_m/u_w5500_axi_data_streamer/rx_pointer_reg_2                                                                                        | spi_m/rx_pointer_reg[5]_i_1_n_0                                                                                            |                2 |              3 |         1.50 |
|  clk_IBUF_BUFG | txrx_unit/clk_toggles0                                                                                                                  |                                                                                                                            |                2 |              4 |         2.00 |
|  clk_IBUF_BUFG | spi_m/ext_pl_tready_i_1_n_0                                                                                                             |                                                                                                                            |                3 |              4 |         1.33 |
|  clk_IBUF_BUFG | spi_m/raw_payload_buffer_0                                                                                                              | spi_m/raw_payload_buffer[6]_i_1_n_0                                                                                        |                2 |              4 |         2.00 |
|  clk_IBUF_BUFG |                                                                                                                                         | txrx_unit/u_rx_payload_fifo/inst/gen_fifo.xpm_fifo_axis_inst/xpm_fifo_base_inst/xpm_fifo_rst_inst/Q[0]                     |                2 |              6 |         3.00 |
|  clk_IBUF_BUFG | spi_m/u_w5500_axi_data_streamer/w5500state_reg[1][0]                                                                                    |                                                                                                                            |                4 |              6 |         1.50 |
|  clk_IBUF_BUFG | spi_m/g0_b0_n_0                                                                                                                         |                                                                                                                            |                2 |              6 |         3.00 |
|  clk_IBUF_BUFG |                                                                                                                                         | txrx_unit/u_tx_payload_fifo/inst/gen_fifo.xpm_fifo_axis_inst/xpm_fifo_base_inst/xpm_fifo_rst_inst/Q[0]                     |                2 |              7 |         3.50 |
|  clk_IBUF_BUFG | spi_m/shift_payload_buffer[31]_i_1_n_0                                                                                                  | spi_m/shift_payload_buffer[7]_i_1_n_0                                                                                      |                1 |              7 |         7.00 |
|  clk_IBUF_BUFG |                                                                                                                                         | spi_m/u_w5500_axi_data_streamer/u_payload_fifo/inst/gen_fifo.xpm_fifo_axis_inst/xpm_fifo_base_inst/xpm_fifo_rst_inst/Q[0]  |                3 |              7 |         2.33 |
|  clk_IBUF_BUFG |                                                                                                                                         | spi_m/u_w5500_axi_data_streamer/u_rx_fifo/inst/gen_fifo.xpm_fifo_axis_inst/xpm_fifo_base_inst/xpm_fifo_rst_inst/Q[0]       |                2 |              7 |         3.50 |
|  clk_IBUF_BUFG | txrx_unit/u_tx_payload_fifo/inst/gen_fifo.xpm_fifo_axis_inst/xpm_fifo_base_inst/rdp_inst/FSM_sequential_gen_fwft.curr_fwft_state_reg[1] | txrx_unit/u_tx_payload_fifo/inst/gen_fifo.xpm_fifo_axis_inst/xpm_fifo_base_inst/xpm_fifo_rst_inst/Q[0]                     |                3 |              8 |         2.67 |
|  clk_IBUF_BUFG | spi_m/payload_data[7]_i_2_n_0                                                                                                           | spi_m/payload_data[7]_i_1_n_0                                                                                              |                1 |              8 |         8.00 |
|  clk_IBUF_BUFG | txrx_unit/u_tx_payload_fifo/inst/gen_fifo.xpm_fifo_axis_inst/xpm_fifo_base_inst/xpm_fifo_rst_inst/E[0]                                  | txrx_unit/u_tx_payload_fifo/inst/gen_fifo.xpm_fifo_axis_inst/xpm_fifo_base_inst/xpm_fifo_rst_inst/Q[0]                     |                4 |              8 |         2.00 |
|  clk_IBUF_BUFG | extdatahandler/byte_index                                                                                                               | reset_IBUF                                                                                                                 |                2 |              8 |         4.00 |
|  clk_IBUF_BUFG | extdatahandler/sending_reg_n_0                                                                                                          | reset_IBUF                                                                                                                 |                2 |              8 |         4.00 |
|  clk_IBUF_BUFG | txrx_unit/rx_buffer0                                                                                                                    |                                                                                                                            |                2 |              8 |         4.00 |
|  clk_IBUF_BUFG | txrx_unit/tx_buffer0                                                                                                                    |                                                                                                                            |                2 |              8 |         4.00 |
|  clk_IBUF_BUFG | spi_m/u_w5500_axi_data_streamer/tdata[7]_i_1_n_0                                                                                        | reset_IBUF                                                                                                                 |                2 |              8 |         4.00 |
|  clk_IBUF_BUFG | txrx_unit/u_rx_payload_fifo/inst/gen_fifo.xpm_fifo_axis_inst/xpm_fifo_base_inst/rdp_inst/FSM_sequential_gen_fwft.curr_fwft_state_reg[1] | txrx_unit/u_rx_payload_fifo/inst/gen_fifo.xpm_fifo_axis_inst/xpm_fifo_base_inst/xpm_fifo_rst_inst/Q[0]                     |                2 |              8 |         4.00 |
|  clk_IBUF_BUFG | txrx_unit/u_rx_payload_fifo/inst/gen_fifo.xpm_fifo_axis_inst/xpm_fifo_base_inst/xpm_fifo_rst_inst/E[0]                                  | txrx_unit/u_rx_payload_fifo/inst/gen_fifo.xpm_fifo_axis_inst/xpm_fifo_base_inst/xpm_fifo_rst_inst/Q[0]                     |                3 |              8 |         2.67 |
|  clk_IBUF_BUFG | spi_m/conf_header                                                                                                                       |                                                                                                                            |                5 |              9 |         1.80 |
|  clk_IBUF_BUFG | spi_m/conf_header                                                                                                                       | spi_m/conf_header[23]_i_1_n_0                                                                                              |                3 |             10 |         3.33 |
|  clk_IBUF_BUFG | spi_m/u_w5500_axi_data_streamer/E[0]                                                                                                    |                                                                                                                            |                3 |             10 |         3.33 |
|  clk_IBUF_BUFG |                                                                                                                                         | reset_IBUF                                                                                                                 |               10 |             12 |         1.20 |
|  clk_IBUF_BUFG | spi_m/u_w5500_axi_data_streamer/rx_pointer_reg_2                                                                                        |                                                                                                                            |                4 |             13 |         3.25 |
|  clk_IBUF_BUFG | spi_m/payload_byte_length_1                                                                                                             | spi_m/payload_byte_length[15]_i_1_n_0                                                                                      |                4 |             13 |         3.25 |
|  clk_IBUF_BUFG | spi_m/u_w5500_axi_data_streamer/tx_write_pointer                                                                                        | spi_m/u_w5500_axi_data_streamer/w5500state_reg[4]                                                                          |                5 |             16 |         3.20 |
|  clk_IBUF_BUFG | spi_m/u_w5500_axi_data_streamer/streammanager_state_reg[1][0]                                                                           |                                                                                                                            |                5 |             16 |         3.20 |
|  clk_IBUF_BUFG | spi_m/u_w5500_axi_data_streamer/rx_received_size_reg_3                                                                                  |                                                                                                                            |                4 |             16 |         4.00 |
|  clk_IBUF_BUFG | spi_m/u_w5500_axi_data_streamer/u_payload_fifo/inst/gen_fifo.xpm_fifo_axis_inst/xpm_fifo_base_inst/rdp_inst/ram_rd_en_i                 | spi_m/u_w5500_axi_data_streamer/u_payload_fifo/inst/gen_fifo.xpm_fifo_axis_inst/xpm_fifo_base_inst/xpm_fifo_rst_inst/Q[0]  |                7 |             18 |         2.57 |
|  clk_IBUF_BUFG | spi_m/u_w5500_axi_data_streamer/u_payload_fifo/inst/gen_fifo.xpm_fifo_axis_inst/xpm_fifo_base_inst/rst_d1_inst/E[0]                     | spi_m/u_w5500_axi_data_streamer/u_payload_fifo/inst/gen_fifo.xpm_fifo_axis_inst/xpm_fifo_base_inst/xpm_fifo_rst_inst/Q[0]  |                4 |             18 |         4.50 |
|  clk_IBUF_BUFG | spi_m/u_w5500_axi_data_streamer/u_rx_fifo/inst/gen_fifo.xpm_fifo_axis_inst/xpm_fifo_base_inst/rdp_inst/ram_rd_en_i                      | spi_m/u_w5500_axi_data_streamer/u_rx_fifo/inst/gen_fifo.xpm_fifo_axis_inst/xpm_fifo_base_inst/xpm_fifo_rst_inst/Q[0]       |                5 |             18 |         3.60 |
|  clk_IBUF_BUFG | spi_m/u_w5500_axi_data_streamer/u_rx_fifo/inst/gen_fifo.xpm_fifo_axis_inst/xpm_fifo_base_inst/rst_d1_inst/E[0]                          | spi_m/u_w5500_axi_data_streamer/u_rx_fifo/inst/gen_fifo.xpm_fifo_axis_inst/xpm_fifo_base_inst/xpm_fifo_rst_inst/Q[0]       |                4 |             18 |         4.50 |
|  clk_IBUF_BUFG | spi_m/raw_payload_buffer_0                                                                                                              |                                                                                                                            |               12 |             22 |         1.83 |
|  clk_IBUF_BUFG | spi_m/shift_payload_buffer[31]_i_1_n_0                                                                                                  |                                                                                                                            |                6 |             24 |         4.00 |
|  clk_IBUF_BUFG | txrx_unit/reset                                                                                                                         | txrx_unit/clear                                                                                                            |                8 |             32 |         4.00 |
|  clk_IBUF_BUFG | extdatahandler/counter[31]_i_1_n_0                                                                                                      | reset_IBUF                                                                                                                 |               10 |             32 |         3.20 |
|  clk_IBUF_BUFG | spi_m/byte_length_buffer[0]_i_1_n_0                                                                                                     |                                                                                                                            |                8 |             32 |         4.00 |
|  clk_IBUF_BUFG |                                                                                                                                         |                                                                                                                            |               23 |             57 |         2.48 |
+----------------+-----------------------------------------------------------------------------------------------------------------------------------------+----------------------------------------------------------------------------------------------------------------------------+------------------+----------------+--------------+


